Warp 1.11.0.dev20251111 initialized:
   Git commit: 3e3dd4c8df36a8529332baf6038519b491883e57
   CUDA Toolkit 12.8, Driver 13.2
   Devices:
     "cpu"      : "x86_64"
     "cuda:0"   : "NVIDIA RTX PRO 6000 Blackwell Workstation Edition" (95 GiB, sm_120, mempool enabled)
   Kernel cache:
     /home/sreetz/.cache/warp/1.11.0.dev20251111
NEWTON_LAUNCHER_STAGE:boot
Module newton._src.geometry.inertia 829810a load on device 'cuda:0' took 0.83 ms  (cached)
Warp DeprecationWarning: In the future, the matrix constructor won't support taking row vectors as input arguments. Use `wp.matrix_from_rows()` or `wp.matrix_from_cols()` instead.
Module validate_and_correct_inertia_kernel_4e499976 4e49997 load on device 'cuda:0' took 0.33 ms  (cached)
Module count_contact_points_cf171c27 cf171c2 load on device 'cuda:0' took 0.27 ms  (cached)
Module newton._src.sim.graph_coloring deff617 load on device 'cpu' took 0.73 ms  (cached)
Module newton._src.solvers.mujoco.kernels 3d62b81 load on device 'cuda:0' took 4.13 ms  (cached)
Module newton._src.viewer.viewer_rerun ef719a2 load on device 'cuda:0' took 0.38 ms  (cached)
Module map_normalize 02dc999 load on device 'cuda:0' took 0.27 ms  (cached)
Module newton._src.viewer.kernels 5e21ddc load on device 'cuda:0' took 0.81 ms  (cached)
Module newton._src.sim.articulation 46448df load on device 'cuda:0' took 2.10 ms  (cached)
Module newton._src.sim.collide_unified a01b3b2 load on device 'cuda:0' took 0.76 ms  (cached)
Module newton._src.geometry.broad_phase_nxn 035ec7a load on device 'cuda:0' took 0.41 ms  (cached)
Module newton._src.geometry.narrow_phase 580e523 load on device 'cuda:0' took 3.16 ms  (cached)
Module mujoco_warp._src.smooth 4d4b71e load on device 'cuda:0' took 3.24 ms  (cached)
Module mujoco_warp._src.constraint 4a3aa8f load on device 'cuda:0' took 1.54 ms  (cached)
Module _actuator_velocity__locals__actuator_velocity_b1a0588c 746465e load on device 'cuda:0' took 0.29 ms  (cached)
Module mujoco_warp._src.passive 5b5c256 load on device 'cuda:0' took 0.67 ms  (cached)
Module mujoco_warp._src.forward a88f545 load on device 'cuda:0' took 1.17 ms  (cached)
Module mujoco_warp._src.support 769a44d load on device 'cuda:0' took 0.31 ms  (cached)
Module _tile_cholesky_factorize_solve__locals__cholesky_factorize_solve_49ca0b70 27d2d06 load on device 'cuda:0' took 20.69 ms  (cached)
Module mujoco_warp._src.solver 1699532 load on device 'cuda:0' took 1.45 ms  (cached)
Module mul_m_dense__locals___mul_m_dense_5763af37 49e1bb0 load on device 'cuda:0' took 15.30 ms  (cached)
Module update_constraint_gauss_cost__locals__kernel_d8984afb d8984af load on device 'cuda:0' took 0.35 ms  (cached)
Module _tile_cholesky_solve__locals__cholesky_solve_405bac00 8676b7a load on device 'cuda:0' took 13.86 ms  (cached)
Module linesearch_jv_fused__locals__kernel_bccc37d6 bccc37d load on device 'cuda:0' took 0.32 ms  (cached)
Module mujoco_warp._src.derivative d0b8c62 load on device 'cuda:0' took 0.41 ms  (cached)
Module _actuator_velocity__locals__actuator_velocity_b1a0588c 746465e load on device 'cuda:0' took 0.29 ms  (cached)
Module _actuator_velocity__locals__actuator_velocity_b1a0588c 746465e load on device 'cuda:0' took 0.28 ms  (cached)
Module _actuator_velocity__locals__actuator_velocity_b1a0588c 746465e load on device 'cuda:0' took 0.35 ms  (cached)
NEWTON_LAUNCHER_STAGE:scene
NEWTON_LAUNCHER_STAGE:streaming
